2026-01-28 22:27:10,784 - utils - INFO - Открываем список транзакций
2026-01-28 22:27:10,784 - utils - INFO - Проверяем список или нет
2026-01-28 22:27:10,784 - utils - INFO - Загрузка списка
2026-01-31 03:28:36,607 - utils - INFO - Открываем список транзакций
2026-01-31 03:28:36,618 - utils - INFO - Проверяем список или нет
2026-01-31 03:28:36,618 - utils - INFO - Загрузка списка
2026-03-11 02:38:30,056 - utils - INFO - Открываем список транзакций
2026-03-11 02:38:30,066 - utils - INFO - Проверяем список или нет
2026-03-11 02:38:30,066 - utils - INFO - Загрузка списка
2026-03-11 02:46:24,456 - utils - INFO - Открываем список транзакций
2026-03-11 02:46:24,456 - utils - INFO - Проверяем список или нет
2026-03-11 02:46:24,456 - utils - INFO - Загрузка списка
2026-03-11 02:46:24,457 - utils - INFO - Открываем список транзакций
2026-03-11 02:46:24,457 - utils - ERROR - Произошла ошибка: . Вернем пустой список.
2026-03-11 02:46:24,459 - utils - INFO - Открываем список транзакций
2026-03-11 02:46:24,459 - utils - ERROR - Произошла ошибка: Expecting property name enclosed in double quotes: line 1 column 2 (char 1). Вернем пустой список.
2026-03-11 02:46:24,461 - utils - INFO - Открываем список транзакций
2026-03-11 02:46:24,461 - utils - INFO - Проверяем список или нет
2026-03-11 02:46:24,461 - utils - ERROR - Данные не являются списком. Вернем пустой список.
2026-03-11 02:46:39,519 - utils - INFO - Открываем список транзакций
2026-03-11 02:46:39,520 - utils - INFO - Проверяем список или нет
2026-03-11 02:46:39,520 - utils - INFO - Загрузка списка
2026-03-11 02:46:39,522 - utils - INFO - Открываем список транзакций
2026-03-11 02:46:39,522 - utils - ERROR - Произошла ошибка: . Вернем пустой список.
2026-03-11 02:46:39,523 - utils - INFO - Открываем список транзакций
2026-03-11 02:46:39,524 - utils - ERROR - Произошла ошибка: Expecting property name enclosed in double quotes: line 1 column 2 (char 1). Вернем пустой список.
2026-03-11 02:46:39,526 - utils - INFO - Открываем список транзакций
2026-03-11 02:46:39,526 - utils - INFO - Проверяем список или нет
2026-03-11 02:46:39,526 - utils - ERROR - Данные не являются списком. Вернем пустой список.
2026-03-11 02:46:49,808 - utils - INFO - Открываем список транзакций
2026-03-11 02:46:49,809 - utils - INFO - Проверяем список или нет
2026-03-11 02:46:49,809 - utils - INFO - Загрузка списка
2026-04-01 20:59:41,613 - utils - INFO - Открываем список транзакций
2026-04-01 20:59:41,623 - utils - INFO - Проверяем список или нет
2026-04-01 20:59:41,623 - utils - INFO - Загрузка списка
2026-04-01 20:59:54,179 - utils - INFO - Открываем список транзакций
2026-04-01 20:59:54,180 - utils - INFO - Проверяем список или нет
2026-04-01 20:59:54,180 - utils - INFO - Загрузка списка
2026-04-01 21:09:13,507 - utils - INFO - Открываем список транзакций
2026-04-01 21:09:13,508 - utils - INFO - Проверяем список или нет
2026-04-01 21:09:13,508 - utils - INFO - Загрузка списка
2026-04-01 21:09:23,619 - utils - INFO - Открываем список транзакций
2026-04-01 21:09:23,619 - utils - INFO - Проверяем список или нет
2026-04-01 21:09:23,620 - utils - INFO - Загрузка списка
2026-04-01 21:44:47,770 - utils - INFO - Открываем список транзакций
2026-04-01 21:44:47,771 - utils - INFO - Проверяем список или нет
2026-04-01 21:44:47,771 - utils - INFO - Загрузка списка
2026-04-01 21:45:13,019 - utils - INFO - Открываем список транзакций
2026-04-01 21:45:13,019 - utils - INFO - Проверяем список или нет
2026-04-01 21:45:13,019 - utils - INFO - Загрузка списка
2026-04-01 21:50:59,042 - utils - INFO - Открываем список транзакций
2026-04-01 21:50:59,042 - utils - ERROR - Произошла ошибка: [Errno 2] No such file or directory: '../data\\transactions1.json'. Вернем пустой список.
2026-04-01 21:52:31,974 - utils - INFO - Открываем список транзакций
2026-04-01 21:52:45,393 - utils - INFO - Открываем список транзакций
2026-04-01 21:53:51,590 - utils - INFO - Открываем список транзакций
2026-04-01 21:53:51,591 - utils - ERROR - Произошла ошибка: Expecting value: line 1 column 1 (char 0). Вернем пустой список.
2026-04-01 21:54:30,553 - utils - INFO - Открываем список транзакций
2026-04-01 21:54:30,553 - utils - ERROR - Произошла ошибка: [Errno 2] No such file or directory: '../data\\transactions.xlsx'. Вернем пустой список.
2026-04-01 21:56:11,003 - utils - INFO - Открываем список транзакций
2026-04-01 21:56:11,004 - utils - ERROR - Произошла ошибка: [Errno 2] No such file or directory: '../data\\transactions1.json'. Вернем пустой список.
2026-04-01 22:00:14,840 - utils - INFO - Открываем список транзакций
2026-04-01 22:00:14,840 - utils - ERROR - Произошла ошибка: [Errno 2] No such file or directory: '../data\\transactions.xlsx'. Вернем пустой список.
2026-04-02 01:10:23,321 - utils - INFO - Открываем список транзакций
2026-04-02 01:10:23,322 - utils - ERROR - Произошла ошибка: Expecting value: line 1 column 1 (char 0). Вернем пустой список.
2026-04-02 01:15:08,991 - utils - INFO - Открываем список транзакций
2026-04-02 01:15:08,992 - utils - ERROR - Произошла ошибка: [Errno 2] No such file or directory: '../data\\transactions.xlsx'. Вернем пустой список.
2026-04-02 01:20:18,176 - utils - INFO - Открываем список транзакций
2026-04-02 01:20:18,176 - utils - ERROR - Произошла ошибка: [Errno 2] No such file or directory: '../data\\transactions1.json'. Вернем пустой список.
2026-04-02 01:22:36,473 - utils - INFO - Открываем список транзакций
2026-04-02 01:22:36,474 - utils - ERROR - Произошла ошибка: Expecting value: line 1 column 1 (char 0). Вернем пустой список.
2026-04-02 01:23:53,825 - utils - INFO - Открываем список транзакций
2026-04-02 01:23:53,826 - utils - ERROR - Произошла ошибка: Expecting value: line 1 column 1 (char 0). Вернем пустой список.
2026-04-04 01:51:40,081 - utils - INFO - Открываем список транзакций
2026-04-04 01:51:40,090 - utils - INFO - Проверяем список или нет
2026-04-04 01:51:40,091 - utils - INFO - Загрузка списка
2026-04-04 01:58:17,756 - utils - INFO - Открываем список транзакций
2026-04-04 01:58:17,757 - utils - INFO - Проверяем список или нет
2026-04-04 01:58:17,757 - utils - INFO - Загрузка списка
2026-04-04 01:59:22,767 - utils - INFO - Открываем список транзакций
2026-04-04 01:59:22,768 - utils - INFO - Проверяем список или нет
2026-04-04 01:59:22,768 - utils - INFO - Загрузка списка
2026-04-04 02:02:06,498 - utils - INFO - Открываем список транзакций
2026-04-04 02:02:06,499 - utils - INFO - Проверяем список или нет
2026-04-04 02:02:06,499 - utils - INFO - Загрузка списка
2026-04-04 04:50:07,280 - utils - INFO - Открываем список транзакций
2026-04-04 04:50:07,281 - utils - INFO - Проверяем список или нет
2026-04-04 04:50:07,281 - utils - INFO - Загрузка списка
